> lmtp_contrast(fit1, ref = 0.787)
Message: Non-estimated reference value, defaulting type = 'additive'.


  

Message: LMTP Contrast: additive

Message: Null hypothesis: theta == 0


  theta shift   ref std.error conf.low conf.high p.value
1 0.104 0.891 0.787    0.0133   0.0781      0.13  <0.001

> lmtp_contrast(fit1, fit0, ref = 0.787)
Message: Non-estimated reference value, defaulting type = 'additive'.


  

Message: LMTP Contrast: additive

Message: Null hypothesis: theta == 0


    theta shift   ref std.error conf.low conf.high p.value
1 0.10418 0.891 0.787    0.0133   0.0781    0.1302  <0.001
2 0.00998 0.797 0.787    0.0183  -0.0260    0.0459   0.586

> lmtp_contrast(fit1, ref = fit0)

  

Message: LMTP Contrast: additive

Message: Null hypothesis: theta == 0


   theta shift   ref std.error conf.low conf.high p.value
1 0.0942 0.891 0.797   0.00834   0.0778     0.111  <0.001

> lmtp_contrast(fit1, ref = fit0, type = "rr")

  

Message: LMTP Contrast: relative risk

Message: Null hypothesis: theta == 1


  theta shift   ref std.error conf.low conf.high p.value
1  1.12 0.891 0.797    0.0113     1.09      1.14  <0.001

> lmtp_contrast(fit1, ref = fit0, type = "or")

  

Message: LMTP Contrast: odds ratio

Message: Null hypothesis: theta == 1


  theta shift   ref std.error conf.low conf.high p.value
1  2.09 0.891 0.797    0.0581     1.86      2.34  <0.001

